// Jest Snapshot v1, https://goo.gl/fbAQLP

exports[`HeroScreen debe de mostar el redirect si no hay argumento en la URL 1`] = `""`;
