// Jest Snapshot v1, https://goo.gl/fbAQLP

exports[`LoginScreen debe mostarse correctamente 1`] = `
<div
  className="container mt-5"
>
  <h1>
    LoginScreen
  </h1>
  <hr />
  <button
    className="btn-primary"
    onClick={[Function]}
  >
    Login
  </button>
</div>
`;
